[demo.w3layouts.com/demos_new/template_demo/12-04-2018/weblog-demo_Free/158935800/web/index.html]
[backblue.gif]
[fade.gif]
[index.html]
[demo.w3layouts.com/demos_new/template_demo/12-04-2018/weblog-demo_Free/158935800/web/css/bootstrap.css]
[demo.w3layouts.com/demos_new/template_demo/12-04-2018/weblog-demo_Free/158935800/web/css/jquery.desoslide.css]
[demo.w3layouts.com/demos_new/template_demo/12-04-2018/weblog-demo_Free/158935800/web/css/style.css]
[demo.w3layouts.com/demos_new/template_demo/12-04-2018/weblog-demo_Free/158935800/web/css/fontawesome-all.css]
[ajax.googleapis.com/ajax/libs/jquery/1.10.2/jquery.min.js]
[m.servedby-buysellads.com/monetization.js]
[codefund.io/properties/441/funder.js]
[demo.w3layouts.com/js/autotrack.js]
[demo.w3layouts.com/images/demobar_w3_4thDec2019.css]
[demo.w3layouts.com/demos_new/template_demo/12-04-2018/weblog-demo_Free/158935800/web/login.html]
[demo.w3layouts.com/demos_new/template_demo/12-04-2018/weblog-demo_Free/158935800/web/register.html]
[demo.w3layouts.com/demos_new/template_demo/12-04-2018/weblog-demo_Free/158935800/web/about.html]
[demo.w3layouts.com/demos_new/template_demo/12-04-2018/weblog-demo_Free/158935800/web/blog1.html]
[demo.w3layouts.com/demos_new/template_demo/12-04-2018/weblog-demo_Free/158935800/web/blog2.html]
[demo.w3layouts.com/demos_new/template_demo/12-04-2018/weblog-demo_Free/158935800/web/blog3.html]
[demo.w3layouts.com/demos_new/template_demo/12-04-2018/weblog-demo_Free/158935800/web/contact.html]
[demo.w3layouts.com/demos_new/template_demo/12-04-2018/weblog-demo_Free/158935800/web/single.html]
[demo.w3layouts.com/demos_new/template_demo/12-04-2018/weblog-demo_Free/158935800/web/images/1.jpg]
[demo.w3layouts.com/demos_new/template_demo/12-04-2018/weblog-demo_Free/158935800/web/images/2.jpg]
[demo.w3layouts.com/demos_new/template_demo/12-04-2018/weblog-demo_Free/158935800/web/images/3.jpg]
[demo.w3layouts.com/demos_new/template_demo/12-04-2018/weblog-demo_Free/158935800/web/images/4.jpg]
[demo.w3layouts.com/demos_new/template_demo/12-04-2018/weblog-demo_Free/158935800/web/images/b1.jpg]
[demo.w3layouts.com/demos_new/template_demo/12-04-2018/weblog-demo_Free/158935800/web/images/5.jpg]
[demo.w3layouts.com/demos_new/template_demo/12-04-2018/weblog-demo_Free/158935800/web/images/6.jpg]
[demo.w3layouts.com/demos_new/template_demo/12-04-2018/weblog-demo_Free/158935800/web/images/7.jpg]
[demo.w3layouts.com/demos_new/template_demo/12-04-2018/weblog-demo_Free/158935800/web/images/8.jpg]
[demo.w3layouts.com/demos_new/template_demo/12-04-2018/weblog-demo_Free/158935800/web/images/b2.jpg]
[demo.w3layouts.com/demos_new/template_demo/12-04-2018/weblog-demo_Free/158935800/web/images/b3.jpg]
[demo.w3layouts.com/demos_new/template_demo/12-04-2018/weblog-demo_Free/158935800/web/images/banner1.jpg]
[demo.w3layouts.com/demos_new/template_demo/12-04-2018/weblog-demo_Free/158935800/web/images/m1.jpg]
[demo.w3layouts.com/demos_new/template_demo/12-04-2018/weblog-demo_Free/158935800/web/images/m2.jpg]
[demo.w3layouts.com/demos_new/template_demo/12-04-2018/weblog-demo_Free/158935800/web/images/m3.jpg]
[demo.w3layouts.com/demos_new/template_demo/12-04-2018/weblog-demo_Free/158935800/web/images/m4.jpg]
[demo.w3layouts.com/demos_new/template_demo/12-04-2018/weblog-demo_Free/158935800/web/images/b4.jpg]
[demo.w3layouts.com/demos_new/template_demo/12-04-2018/weblog-demo_Free/158935800/web/js/jquery-2.2.3.min.js]
[demo.w3layouts.com/demos_new/template_demo/12-04-2018/weblog-demo_Free/158935800/web/js/jquery.desoslide.js]
[demo.w3layouts.com/demos_new/template_demo/12-04-2018/weblog-demo_Free/158935800/web/js/jquery.flexisel.js]
[demo.w3layouts.com/demos_new/template_demo/12-04-2018/weblog-demo_Free/158935800/web/js/move-top.js]
[demo.w3layouts.com/demos_new/template_demo/12-04-2018/weblog-demo_Free/158935800/web/js/easing.js]
[demo.w3layouts.com/demos_new/template_demo/12-04-2018/weblog-demo_Free/158935800/web/index.html]
[demo.w3layouts.com/demos_new/template_demo/12-04-2018/weblog-demo_Free/158935800/web/css/bootstrap.css]
[demo.w3layouts.com/demos_new/template_demo/12-04-2018/weblog-demo_Free/158935800/web/css/jquery.desoslide.css]
[demo.w3layouts.com/demos_new/template_demo/12-04-2018/weblog-demo_Free/158935800/web/js/bootstrap.js]
[demo.w3layouts.com/demos_new/template_demo/12-04-2018/weblog-demo_Free/158935800/web/images/banner2.jpg]
[demo.w3layouts.com/demos_new/template_demo/12-04-2018/weblog-demo_Free/158935800/web/images/banner3.jpg]
[demo.w3layouts.com/demos_new/template_demo/12-04-2018/weblog-demo_Free/158935800/web/images/banner4.jpg]
[demo.w3layouts.com/demos_new/template_demo/12-04-2018/weblog-demo_Free/158935800/web/images/left.png]
[demo.w3layouts.com/demos_new/template_demo/12-04-2018/weblog-demo_Free/158935800/web/images/right.png]
[demo.w3layouts.com/demos_new/template_demo/12-04-2018/weblog-demo_Free/158935800/web/images/banner5.jpg]
[demo.w3layouts.com/demos_new/template_demo/12-04-2018/weblog-demo_Free/158935800/web/images/g1.jpg]
[demo.w3layouts.com/demos_new/template_demo/12-04-2018/weblog-demo_Free/158935800/web/images/g6.jpg]
[demo.w3layouts.com/demos_new/template_demo/12-04-2018/weblog-demo_Free/158935800/web/images/g5.jpg]
[demo.w3layouts.com/demos_new/template_demo/12-04-2018/weblog-demo_Free/158935800/web/images/g8.jpg]
[demo.w3layouts.com/demos_new/template_demo/12-04-2018/weblog-demo_Free/158935800/web/images/top_up.png]
[demo.w3layouts.com/demos_new/template_demo/12-04-2018/weblog-demo_Free/158935800/web/css/style.css]
[demo.w3layouts.com/demos_new/template_demo/12-04-2018/weblog-demo_Free/158935800/web/webfonts/fa-brands-400.eot]
[demo.w3layouts.com/demos_new/template_demo/12-04-2018/weblog-demo_Free/158935800/web/webfonts/fa-brands-400.woff2]
[demo.w3layouts.com/demos_new/template_demo/12-04-2018/weblog-demo_Free/158935800/web/webfonts/fa-brands-400d41d.eot]
[demo.w3layouts.com/demos_new/template_demo/12-04-2018/weblog-demo_Free/158935800/web/webfonts/fa-brands-400.woff]
[demo.w3layouts.com/demos_new/template_demo/12-04-2018/weblog-demo_Free/158935800/web/webfonts/fa-brands-400.ttf]
[demo.w3layouts.com/demos_new/template_demo/12-04-2018/weblog-demo_Free/158935800/web/webfonts/fa-brands-400.svg]
[demo.w3layouts.com/demos_new/template_demo/12-04-2018/weblog-demo_Free/158935800/web/webfonts/fa-regular-400.eot]
[demo.w3layouts.com/demos_new/template_demo/12-04-2018/weblog-demo_Free/158935800/web/webfonts/fa-regular-400.woff2]
[demo.w3layouts.com/demos_new/template_demo/12-04-2018/weblog-demo_Free/158935800/web/webfonts/fa-regular-400d41d.eot]
[demo.w3layouts.com/demos_new/template_demo/12-04-2018/weblog-demo_Free/158935800/web/webfonts/fa-regular-400.woff]
[demo.w3layouts.com/demos_new/template_demo/12-04-2018/weblog-demo_Free/158935800/web/webfonts/fa-regular-400.ttf]
[demo.w3layouts.com/demos_new/template_demo/12-04-2018/weblog-demo_Free/158935800/web/webfonts/fa-regular-400.svg]
[demo.w3layouts.com/demos_new/template_demo/12-04-2018/weblog-demo_Free/158935800/web/webfonts/fa-solid-900.eot]
[demo.w3layouts.com/demos_new/template_demo/12-04-2018/weblog-demo_Free/158935800/web/webfonts/fa-solid-900d41d.eot]
[demo.w3layouts.com/demos_new/template_demo/12-04-2018/weblog-demo_Free/158935800/web/webfonts/fa-solid-900.woff2]
[demo.w3layouts.com/demos_new/template_demo/12-04-2018/weblog-demo_Free/158935800/web/webfonts/fa-solid-900.woff]
[demo.w3layouts.com/demos_new/template_demo/12-04-2018/weblog-demo_Free/158935800/web/webfonts/fa-solid-900.ttf]
[demo.w3layouts.com/demos_new/template_demo/12-04-2018/weblog-demo_Free/158935800/web/css/fontawesome-all.css]
[demo.w3layouts.com/images/W3Layouts-light.html]
[demo.w3layouts.com/images/demobar_w3_4thDec2019.css]
[demo.w3layouts.com/demos_new/template_demo/12-04-2018/weblog-demo_Free/158935800/web/login.html]
[demo.w3layouts.com/demos_new/template_demo/12-04-2018/weblog-demo_Free/158935800/web/register.html]
[demo.w3layouts.com/demos_new/template_demo/12-04-2018/weblog-demo_Free/158935800/web/css/single.css]
[demo.w3layouts.com/demos_new/template_demo/12-04-2018/weblog-demo_Free/158935800/web/webfonts/fa-solid-900.svg]
[demo.w3layouts.com/demos_new/template_demo/12-04-2018/weblog-demo_Free/158935800/web/images/b5.jpg]
[demo.w3layouts.com/demos_new/template_demo/12-04-2018/weblog-demo_Free/158935800/web/about.html]
[demo.w3layouts.com/demos_new/template_demo/12-04-2018/weblog-demo_Free/158935800/web/blog1.html]
[demo.w3layouts.com/demos_new/template_demo/12-04-2018/weblog-demo_Free/158935800/web/blog2.html]
[demo.w3layouts.com/demos_new/template_demo/12-04-2018/weblog-demo_Free/158935800/web/blog3.html]
[demo.w3layouts.com/demos_new/template_demo/12-04-2018/weblog-demo_Free/158935800/web/css/contact.css]
[demo.w3layouts.com/demos_new/template_demo/12-04-2018/weblog-demo_Free/158935800/web/contact.html]
[demo.w3layouts.com/demos_new/template_demo/12-04-2018/weblog-demo_Free/158935800/web/images/t1.jpg]
[demo.w3layouts.com/demos_new/template_demo/12-04-2018/weblog-demo_Free/158935800/web/images/t2.jpg]
[demo.w3layouts.com/demos_new/template_demo/12-04-2018/weblog-demo_Free/158935800/web/single.html]
[demo.w3layouts.com/demos_new/template_demo/12-04-2018/weblog-demo_Free/158935800/web/images/g1.html]
[demo.w3layouts.com/demos_new/template_demo/12-04-2018/weblog-demo_Free/158935800/web/images/g6.html]
[demo.w3layouts.com/demos_new/template_demo/12-04-2018/weblog-demo_Free/158935800/web/images/g5.html]
[demo.w3layouts.com/demos_new/template_demo/12-04-2018/weblog-demo_Free/158935800/web/images/g8.html]
[demo.w3layouts.com/demos_new/template_demo/12-04-2018/weblog-demo_Free/158935800/web/webfonts/fa-brands-400.svg]
[demo.w3layouts.com/demos_new/template_demo/12-04-2018/weblog-demo_Free/158935800/web/webfonts/fa-regular-400.svg]
[demo.w3layouts.com/demos_new/template_demo/12-04-2018/weblog-demo_Free/158935800/web/webfonts/fa-solid-900.svg]
[demo.w3layouts.com/assets/css/fonts/linecons/css/linecons.html]
[demo.w3layouts.com/assets/css/fonts/fontawesome/css/font-awesome.min.html]
[demo.w3layouts.com/assets/css/bootstrap.html]
[demo.w3layouts.com/assets/css/xenon-core.html]
[demo.w3layouts.com/assets/css/xenon-forms.html]
[demo.w3layouts.com/assets/css/xenon-components.html]
[demo.w3layouts.com/assets/css/xenon-skins.html]
[demo.w3layouts.com/assets/css/custom.html]
[demo.w3layouts.com/assets/js/jquery-1.11.1.min.html]
[demo.w3layouts.com/assets/js/bootstrap.min.html]
[demo.w3layouts.com/assets/js/TweenMax.min.html]
[demo.w3layouts.com/assets/js/resizeable.html]
[demo.w3layouts.com/assets/js/joinable.html]
[demo.w3layouts.com/assets/js/xenon-api.html]
[demo.w3layouts.com/assets/js/xenon-toggles.html]
[demo.w3layouts.com/assets/js/xenon-custom.html]
[demo.w3layouts.com/images/W3Layouts-light.html]
[demo.w3layouts.com/demos_new/template_demo/12-04-2018/weblog-demo_Free/158935800/web/css/single.css]
[demo.w3layouts.com/demos_new/template_demo/12-04-2018/weblog-demo_Free/158935800/web/css/contact.css]
[demo.w3layouts.com/assets/css/fonts/linecons/css/linecons.html]
[demo.w3layouts.com/assets/css/fonts/fontawesome/css/font-awesome.min.html]
[demo.w3layouts.com/assets/css/bootstrap.html]
[demo.w3layouts.com/assets/css/xenon-core.html]
[demo.w3layouts.com/assets/css/xenon-forms.html]
[demo.w3layouts.com/assets/css/xenon-components.html]
[demo.w3layouts.com/assets/css/xenon-skins.html]
[demo.w3layouts.com/assets/css/custom.html]
[demo.w3layouts.com/assets/js/jquery-1.11.1.min.html]
[demo.w3layouts.com/assets/js/bootstrap.min.html]
[demo.w3layouts.com/assets/js/TweenMax.min.html]
[demo.w3layouts.com/assets/js/resizeable.html]
[demo.w3layouts.com/assets/js/joinable.html]
[demo.w3layouts.com/assets/js/xenon-api.html]
[demo.w3layouts.com/assets/js/xenon-toggles.html]
[demo.w3layouts.com/assets/js/xenon-custom.html]
